[komatsusrkyoto.jimdo.com/index.html]
[backblue.gif]
[fade.gif]
[index.html]
[image.jimcdn.com/app/cms/image/transf/none/path/sc4b1a3ffad1915d6/backgroundarea/if5599d9912d1be1a/version/1474735195/image.jpg]
[u.jimcdn.com/cms/o/sc4b1a3ffad1915d6/layout/dm_22f91045c076a2523c02ffb6da60f364/css/layoutf326.css]
[assets.jimstatic.com/web.css.7f0b4fa4b1608b4cd6c3935280c5c25d.css]
[assets.jimstatic.com/web.js.910333d9b0963d96f918.js]
[image.jimcdn.com/app/cms/image/transf/none/path/sc4b1a3ffad1915d6/image/i774c099bcb3ab04c/version/1493715280/image.gif]
[komatsusrkyoto.jimdo.com/法人-事業主の方へ/index.html]
[komatsusrkyoto.jimdo.com/個人の方向けサービス/index.html]
[komatsusrkyoto.jimdo.com/index.html]
[u.jimcdn.com/cms/o/sc4b1a3ffad1915d6/layout/dm_22f91045c076a2523c02ffb6da60f364/css/layoutf326.css]
[komatsusrkyoto.jimdo.com/プロフィール/index.html]
[komatsusrkyoto.jimdo.com/料金について/index.html]
[komatsusrkyoto.jimdo.com/よくあるご質問-1/index.html]
[komatsusrkyoto.jimdo.com/お問い合わせ/index.html]
[assets.jimstatic.com/38394ca16133f78363850eb0ebc16c36.eot]
[komatsusrkyoto.jimdo.com/アンガーマネジメント講座開催情報/index.html]
[komatsusrkyoto.jimdo.com/アンガーマネジメント個人セッション/index.html]
[komatsusrkyoto.jimdo.com/about/index.html]
[assets.jimstatic.com/38394ca16133f78363850eb0ebc16c36d41d.eot]
[assets.jimstatic.com/a984717a9f4ef00fa217fc58c3ff86a6.woff]
[assets.jimstatic.com/92d755b23dfbe5bd5ac566c8df9e7827.ttf]
[komatsusrkyoto.jimdo.com/sitemap/index.html]
[assets.jimstatic.com/f7b79a3d76e79248879a74cd4fadbb14.svg]
[assets.jimstatic.com/e1ca6e007c91d4ef9ee063940b504870.png]
[assets.jimstatic.com/d32401d55ec237cee50e487c6eefa908.gif]
[assets.jimstatic.com/9e4dc55ad6bdd8b8bafced6241dac621.png]
[assets.jimstatic.com/b257fa9c5ac8c515ac4d77a667ce2943.svg]
[assets.jimstatic.com/web.css.7f0b4fa4b1608b4cd6c3935280c5c25d.css]
[www.googletagmanager.com/gtm5445.html]
[komatsusrkyoto.jimdo.com/法人-事業主の方へ/index.html]
[komatsusrkyoto.jimdo.com/個人の方向けサービス/index.html]
[komatsusrkyoto.jimdo.com/プロフィール/index.html]
[komatsusrkyoto.jimdo.com/料金について/index.html]
[komatsusrkyoto.jimdo.com/よくあるご質問-1/index.html]
[komatsusrkyoto.jimdo.com/お問い合わせ/index.html]
[komatsusrkyoto.jimdo.com/アンガーマネジメント講座開催情報/index.html]
[komatsusrkyoto.jimdo.com/アンガーマネジメント個人セッション/index.html]
[image.jimcdn.com/app/cms/image/transf/none/path/sc4b1a3ffad1915d6/backgroundarea/idfe1063a21af3269/version/1474701482/image.png]
[assets2.jimstatic.com/s/img/cms/siteadmin/newlogostuff/jimdologo2015.png]
[komatsusrkyoto.jimdo.com/about/index.html]
[komatsusrkyoto.jimdo.com/sitemap/index.html]
[assets.jimstatic.com/f7b79a3d76e79248879a74cd4fadbb14.svg]
[assets.jimstatic.com/b257fa9c5ac8c515ac4d77a667ce2943.svg]
